[dawgs.run/index.html]
[backblue.gif]
[fade.gif]
[index.html]
[dawgs.run/assets/main.css]
[dawgs.run/feed.xml]
[dawgs.run/css/custom.css]
[dawgs.run/css/simplegrid.css]
[dawgs.run/assets/logo_white.png]
[dawgs.run/assets/instagram.png]
[dawgs.run/join_us/index.html]
[dawgs.run/assets/discord.png]
[dawgs.run/assets/facebook.png]
[dawgs.run/index.html]
[dawgs.run/assets/main.css]
[dawgs.run/css/custom.css]
[dawgs.run/css/simplegrid.css]
[dawgs.run/routes/index.html]
[dawgs.run/assets/cherry_blossoms.jpg]
[dawgs.run/officers/index.html]
[dawgs.run/join_us/index.html]
[dawgs.run/officers/responsibilities.html]
[dawgs.run/js/route_maps.js]
[dawgs.run/routes/index.html]
[dawgs.run/officers/img/john_meier.png]
[dawgs.run/officers/img/mike_ramsay.png]
[dawgs.run/officers/img/jonathan_sarmiento.jpg]
[dawgs.run/officers/img/sharon_gutierrez.png]
[dawgs.run/officers/img/emily_fieber.png]
[dawgs.run/officers/img/dean_bartolome.jpg]
[dawgs.run/officers/img/brandon_miller.jpg]
[dawgs.run/officers/img/jess_li.jpg]
[dawgs.run/officers/img/daniel_he.jpg]
[dawgs.run/officers/img/run_leaders/ken_masumoto.jpg]
[dawgs.run/officers/img/run_leaders/jeron_griffin.jpg]
[dawgs.run/officers/img/run_leaders/jess_li.jpg]
[dawgs.run/officers/img/run_leaders/mike_ramsay.jpg]
[dawgs.run/officers/index.html]
[dawgs.run/officers/responsibilities.html]
